[20788:25696:0925/175621.215:WARNING:chrome_main_delegate.cc(745)] This is Chrome version 128.0.6613.138 (not a warning)
[20788:6564:0925/175621.909:ERROR:google_update_settings.cc(265)] Failed opening key Software\Chromium to set usagestats; result: 5
[20788:25696:0925/175622.133:WARNING:account_consistency_mode_manager.cc(77)] Desktop Identity Consistency cannot be enabled as no OAuth client ID and client secret have been configured.
[20788:25696:0925/175637.489:WARNING:page_discarding_helper.cc(138)] Discarding multiple pages with target (kb): 0
[19988:28084:0925/175645.857:WARNING:frame_impl.cc(430)] virtual CefFrameImpl::SendProcessMessage sent to detached frame 5-580A72176F96038F0E19508E9E5AC10A will be ignored
[20788:17748:0925/175649.201:ERROR:cast_crl.cc(443)] CRL - Verification failed.
[20788:25696:0925/175653.492:WARNING:page_discarding_helper.cc(138)] Discarding multiple pages with target (kb): 0
[20788:17748:0925/175838.058:ERROR:cast_crl.cc(443)] CRL - Verification failed.
[20788:17748:0925/175903.541:ERROR:cast_crl.cc(443)] CRL - Verification failed.
[20788:17748:0925/180003.842:ERROR:cast_crl.cc(443)] CRL - Verification failed.
[20788:17748:0925/180103.855:ERROR:cast_crl.cc(443)] CRL - Verification failed.
[20788:17748:0925/180214.280:ERROR:cast_crl.cc(443)] CRL - Verification failed.
[20788:17748:0925/180312.385:ERROR:cast_crl.cc(443)] CRL - Verification failed.
[20788:17748:0925/180512.972:ERROR:cast_crl.cc(443)] CRL - Verification failed.
[20788:17748:0925/180618.647:ERROR:cast_crl.cc(443)] CRL - Verification failed.
[20788:17748:0925/180722.319:ERROR:cast_crl.cc(443)] CRL - Verification failed.
[20788:17748:0925/180822.323:ERROR:cast_crl.cc(443)] CRL - Verification failed.
[20788:17748:0925/180922.356:ERROR:cast_crl.cc(443)] CRL - Verification failed.
[20788:17748:0925/181922.932:ERROR:cast_crl.cc(443)] CRL - Verification failed.
[20788:17748:0925/182033.034:ERROR:cast_crl.cc(443)] CRL - Verification failed.
[20788:17748:0925/182442.898:ERROR:cast_crl.cc(443)] CRL - Verification failed.
[20788:17748:0925/182722.756:ERROR:cast_crl.cc(443)] CRL - Verification failed.
[20788:17748:0925/182822.414:ERROR:cast_crl.cc(443)] CRL - Verification failed.
[20788:17748:0925/183117.615:ERROR:cast_crl.cc(443)] CRL - Verification failed.
[20788:17748:0925/183146.956:ERROR:cast_crl.cc(443)] CRL - Verification failed.
[20788:17748:0925/183252.665:ERROR:cast_crl.cc(443)] CRL - Verification failed.
[20788:17748:0925/183352.364:ERROR:cast_crl.cc(443)] CRL - Verification failed.
[20788:17748:0925/183532.466:ERROR:cast_crl.cc(443)] CRL - Verification failed.
[20788:17748:0925/183642.556:ERROR:cast_crl.cc(443)] CRL - Verification failed.
[20788:17748:0925/183742.238:ERROR:cast_crl.cc(443)] CRL - Verification failed.
[20788:17748:0925/183852.319:ERROR:cast_crl.cc(443)] CRL - Verification failed.
[20788:17748:0925/183952.109:ERROR:cast_crl.cc(443)] CRL - Verification failed.
[20788:17748:0925/184127.175:ERROR:cast_crl.cc(443)] CRL - Verification failed.
[20788:17748:0925/184227.102:ERROR:cast_crl.cc(443)] CRL - Verification failed.
[20788:17748:0925/184337.753:ERROR:cast_crl.cc(443)] CRL - Verification failed.
[20788:17748:0925/184437.990:ERROR:cast_crl.cc(443)] CRL - Verification failed.
[20788:17748:0925/184546.333:ERROR:cast_crl.cc(443)] CRL - Verification failed.
[20788:17748:0925/184646.522:ERROR:cast_crl.cc(443)] CRL - Verification failed.
[20788:17748:0925/184746.164:ERROR:cast_crl.cc(443)] CRL - Verification failed.
[20788:17748:0925/184856.574:ERROR:cast_crl.cc(443)] CRL - Verification failed.
[20788:17748:0925/184956.583:ERROR:cast_crl.cc(443)] CRL - Verification failed.
[20788:17748:0925/185107.259:ERROR:cast_crl.cc(443)] CRL - Verification failed.
[20788:17748:0925/185207.269:ERROR:cast_crl.cc(443)] CRL - Verification failed.
[20788:17748:0925/185307.282:ERROR:cast_crl.cc(443)] CRL - Verification failed.
[20788:17748:0925/185407.295:ERROR:cast_crl.cc(443)] CRL - Verification failed.
[20788:17748:0925/185517.968:ERROR:cast_crl.cc(443)] CRL - Verification failed.
[20788:17748:0925/185618.967:ERROR:cast_crl.cc(443)] CRL - Verification failed.
[20788:17748:0925/185720.652:ERROR:cast_crl.cc(443)] CRL - Verification failed.
[20788:17748:0925/185821.321:ERROR:cast_crl.cc(443)] CRL - Verification failed.
[20788:17748:0925/185921.327:ERROR:cast_crl.cc(443)] CRL - Verification failed.
[20788:17748:0925/190021.335:ERROR:cast_crl.cc(443)] CRL - Verification failed.
[20788:17748:0925/190121.344:ERROR:cast_crl.cc(443)] CRL - Verification failed.
[20788:17748:0925/190255.021:ERROR:cast_crl.cc(443)] CRL - Verification failed.
[20788:17748:0925/190440.037:ERROR:cast_crl.cc(443)] CRL - Verification failed.
[20788:17748:0925/190543.713:ERROR:cast_crl.cc(443)] CRL - Verification failed.
[20788:17748:0925/190644.061:ERROR:cast_crl.cc(443)] CRL - Verification failed.
[20788:17748:0925/190814.729:ERROR:cast_crl.cc(443)] CRL - Verification failed.
[20788:17748:0925/190927.409:ERROR:cast_crl.cc(443)] CRL - Verification failed.
[20788:17748:0925/191027.418:ERROR:cast_crl.cc(443)] CRL - Verification failed.
[20788:17748:0925/191127.427:ERROR:cast_crl.cc(443)] CRL - Verification failed.
[20788:17748:0925/191233.101:ERROR:cast_crl.cc(443)] CRL - Verification failed.
[20788:17748:0925/191408.115:ERROR:cast_crl.cc(443)] CRL - Verification failed.
[20788:17748:0925/191518.794:ERROR:cast_crl.cc(443)] CRL - Verification failed.
[20788:17748:0925/191714.469:ERROR:cast_crl.cc(443)] CRL - Verification failed.
[20788:17748:0925/191819.480:ERROR:cast_crl.cc(443)] CRL - Verification failed.
[20788:17748:0925/191930.163:ERROR:cast_crl.cc(443)] CRL - Verification failed.
[20788:17748:0925/192032.839:ERROR:cast_crl.cc(443)] CRL - Verification failed.
[20788:17748:0925/192127.844:ERROR:cast_crl.cc(443)] CRL - Verification failed.
[20788:17748:0925/192228.520:ERROR:cast_crl.cc(443)] CRL - Verification failed.
[20788:17748:0925/192339.203:ERROR:cast_crl.cc(443)] CRL - Verification failed.
[20788:17748:0925/192439.202:ERROR:cast_crl.cc(443)] CRL - Verification failed.
[20788:17748:0925/192549.840:ERROR:cast_crl.cc(443)] CRL - Verification failed.
[20788:17748:0925/192648.140:ERROR:cast_crl.cc(443)] CRL - Verification failed.
[20788:17748:0925/192753.709:ERROR:cast_crl.cc(443)] CRL - Verification failed.
[20788:17748:0925/192857.388:ERROR:cast_crl.cc(443)] CRL - Verification failed.
[20788:17748:0925/192957.271:ERROR:cast_crl.cc(443)] CRL - Verification failed.
[20788:17748:0925/193057.551:ERROR:cast_crl.cc(443)] CRL - Verification failed.
[20788:17748:0925/193208.225:ERROR:cast_crl.cc(443)] CRL - Verification failed.
[20788:17748:0925/193308.238:ERROR:cast_crl.cc(443)] CRL - Verification failed.
[20788:17748:0925/193418.915:ERROR:cast_crl.cc(443)] CRL - Verification failed.
[20788:17748:0925/193529.596:ERROR:cast_crl.cc(443)] CRL - Verification failed.
[20788:17748:0925/193628.276:ERROR:cast_crl.cc(443)] CRL - Verification failed.
[20788:17748:0925/193731.950:ERROR:cast_crl.cc(443)] CRL - Verification failed.
[20788:17748:0925/193831.477:ERROR:cast_crl.cc(443)] CRL - Verification failed.
[20788:17748:0925/193941.974:ERROR:cast_crl.cc(443)] CRL - Verification failed.
[20788:17748:0925/194041.973:ERROR:cast_crl.cc(443)] CRL - Verification failed.
[20788:17748:0925/194140.650:ERROR:cast_crl.cc(443)] CRL - Verification failed.
[20788:17748:0925/194240.672:ERROR:cast_crl.cc(443)] CRL - Verification failed.
[20788:17748:0925/194351.332:ERROR:cast_crl.cc(443)] CRL - Verification failed.
[20788:17748:0925/194450.972:ERROR:cast_crl.cc(443)] CRL - Verification failed.
[20788:17748:0925/194601.048:ERROR:cast_crl.cc(443)] CRL - Verification failed.
[20788:17748:0925/194711.138:ERROR:cast_crl.cc(443)] CRL - Verification failed.
[20788:17748:0925/194810.776:ERROR:cast_crl.cc(443)] CRL - Verification failed.
[20788:17748:0925/194920.861:ERROR:cast_crl.cc(443)] CRL - Verification failed.
[20788:17748:0925/195020.843:ERROR:cast_crl.cc(443)] CRL - Verification failed.
[20788:17748:0925/195131.032:ERROR:cast_crl.cc(443)] CRL - Verification failed.
[20788:17748:0925/195233.143:ERROR:cast_crl.cc(443)] CRL - Verification failed.
[20788:17748:0925/195333.343:ERROR:cast_crl.cc(443)] CRL - Verification failed.
[20788:17748:0925/195433.385:ERROR:cast_crl.cc(443)] CRL - Verification failed.
[20788:17748:0925/195543.474:ERROR:cast_crl.cc(443)] CRL - Verification failed.
[20788:17748:0925/195643.174:ERROR:cast_crl.cc(443)] CRL - Verification failed.
[20788:17748:0925/195753.257:ERROR:cast_crl.cc(443)] CRL - Verification failed.
[20788:17748:0925/195903.354:ERROR:cast_crl.cc(443)] CRL - Verification failed.
[20788:17748:0925/200003.530:ERROR:cast_crl.cc(443)] CRL - Verification failed.
[20788:17748:0925/200039.693:ERROR:cast_crl.cc(443)] CRL - Verification failed.
[20788:17748:0925/200114.212:ERROR:cast_crl.cc(443)] CRL - Verification failed.
[20788:17748:0925/200214.328:ERROR:cast_crl.cc(443)] CRL - Verification failed.
[20788:17748:0925/200252.870:ERROR:cast_crl.cc(443)] CRL - Verification failed.
[20788:17748:0925/200318.979:ERROR:cast_crl.cc(443)] CRL - Verification failed.
[20788:17748:0925/200426.102:ERROR:cast_crl.cc(443)] CRL - Verification failed.
[20788:17748:0925/200524.649:ERROR:cast_crl.cc(443)] CRL - Verification failed.
[20788:17748:0925/200623.320:ERROR:cast_crl.cc(443)] CRL - Verification failed.
[20788:17748:0925/200731.000:ERROR:cast_crl.cc(443)] CRL - Verification failed.
[20788:17748:0925/200831.334:ERROR:cast_crl.cc(443)] CRL - Verification failed.
[20788:17748:0925/200931.381:ERROR:cast_crl.cc(443)] CRL - Verification failed.
[20788:17748:0925/201101.363:ERROR:cast_crl.cc(443)] CRL - Verification failed.
[20788:17748:0925/201236.436:ERROR:cast_crl.cc(443)] CRL - Verification failed.
[20788:17748:0925/201343.552:ERROR:cast_crl.cc(443)] CRL - Verification failed.
[20788:17748:0925/201443.201:ERROR:cast_crl.cc(443)] CRL - Verification failed.
[20788:17748:0925/201553.313:ERROR:cast_crl.cc(443)] CRL - Verification failed.
[20788:17748:0925/201652.967:ERROR:cast_crl.cc(443)] CRL - Verification failed.
[20788:17748:0925/201803.060:ERROR:cast_crl.cc(443)] CRL - Verification failed.
[20788:17748:0925/201902.733:ERROR:cast_crl.cc(443)] CRL - Verification failed.
[20788:17748:0925/202042.890:ERROR:cast_crl.cc(443)] CRL - Verification failed.
[20788:17748:0925/202152.744:ERROR:cast_crl.cc(443)] CRL - Verification failed.
[20788:17748:0925/202252.399:ERROR:cast_crl.cc(443)] CRL - Verification failed.
[20788:17748:0925/202359.494:ERROR:cast_crl.cc(443)] CRL - Verification failed.
[20788:17748:0925/202457.612:ERROR:cast_crl.cc(443)] CRL - Verification failed.
[20788:17748:0925/202607.725:ERROR:cast_crl.cc(443)] CRL - Verification failed.
[20788:17748:0925/202707.367:ERROR:cast_crl.cc(443)] CRL - Verification failed.
[20788:17748:0925/202807.248:ERROR:cast_crl.cc(443)] CRL - Verification failed.
[20788:17748:0925/202917.338:ERROR:cast_crl.cc(443)] CRL - Verification failed.
[20788:17748:0925/203020.430:ERROR:cast_crl.cc(443)] CRL - Verification failed.
[20788:17748:0925/203120.087:ERROR:cast_crl.cc(443)] CRL - Verification failed.
[20788:17748:0925/203230.175:ERROR:cast_crl.cc(443)] CRL - Verification failed.
[20788:17748:0925/203329.816:ERROR:cast_crl.cc(443)] CRL - Verification failed.
[20788:17748:0925/203430.906:ERROR:cast_crl.cc(443)] CRL - Verification failed.
[20788:17748:0925/203530.728:ERROR:cast_crl.cc(443)] CRL - Verification failed.
[20788:17748:0925/203630.386:ERROR:cast_crl.cc(443)] CRL - Verification failed.
[20788:17748:0925/203735.038:ERROR:cast_crl.cc(443)] CRL - Verification failed.
[20788:17748:0925/203834.775:ERROR:cast_crl.cc(443)] CRL - Verification failed.
[20788:17748:0925/203944.862:ERROR:cast_crl.cc(443)] CRL - Verification failed.
[20788:17748:0925/204044.524:ERROR:cast_crl.cc(443)] CRL - Verification failed.
[20788:17748:0925/204154.625:ERROR:cast_crl.cc(443)] CRL - Verification failed.
[20788:17748:0925/204254.465:ERROR:cast_crl.cc(443)] CRL - Verification failed.
[20788:17748:0925/204404.558:ERROR:cast_crl.cc(443)] CRL - Verification failed.
[20788:17748:0925/204504.338:ERROR:cast_crl.cc(443)] CRL - Verification failed.
[20788:17748:0925/204638.999:ERROR:cast_crl.cc(443)] CRL - Verification failed.
[20788:17748:0925/204746.155:ERROR:cast_crl.cc(443)] CRL - Verification failed.
[20788:17748:0925/204851.547:ERROR:cast_crl.cc(443)] CRL - Verification failed.
[20788:17748:0925/204951.967:ERROR:cast_crl.cc(443)] CRL - Verification failed.
[20788:17748:0925/205102.640:ERROR:cast_crl.cc(443)] CRL - Verification failed.
[20788:17748:0925/205202.287:ERROR:cast_crl.cc(443)] CRL - Verification failed.
[20788:17748:0925/205302.416:ERROR:cast_crl.cc(443)] CRL - Verification failed.
[20788:17748:0925/205437.085:ERROR:cast_crl.cc(443)] CRL - Verification failed.
