[19736:20620:0925/231027.753:WARNING:chrome_main_delegate.cc(745)] This is Chrome version 128.0.6613.138 (not a warning)
[19736:25752:0925/231027.940:ERROR:google_update_settings.cc(265)] Failed opening key Software\Chromium to set usagestats; result: 5
[19736:20620:0925/231027.996:WARNING:account_consistency_mode_manager.cc(77)] Desktop Identity Consistency cannot be enabled as no OAuth client ID and client secret have been configured.
[14904:10212:0925/231034.627:WARNING:frame_impl.cc(430)] virtual CefFrameImpl::SendProcessMessage sent to detached frame 5-B628AEC64B68E09F2D00D808CD653CD4 will be ignored
[19736:14236:0925/231638.230:ERROR:cast_crl.cc(443)] CRL - Verification failed.
[19736:14236:0925/231723.321:ERROR:cast_crl.cc(443)] CRL - Verification failed.
[19736:14236:0925/231822.994:ERROR:cast_crl.cc(443)] CRL - Verification failed.
[19736:14236:0925/231933.081:ERROR:cast_crl.cc(443)] CRL - Verification failed.
[19736:14236:0925/232033.100:ERROR:cast_crl.cc(443)] CRL - Verification failed.
[19736:14236:0925/232143.193:ERROR:cast_crl.cc(443)] CRL - Verification failed.
[19736:14236:0925/232242.843:ERROR:cast_crl.cc(443)] CRL - Verification failed.
[19736:14236:0925/232352.912:ERROR:cast_crl.cc(443)] CRL - Verification failed.
[19736:14236:0925/232452.623:ERROR:cast_crl.cc(443)] CRL - Verification failed.
[18272:23120:0925/232454.367:ERROR:ssl_client_socket_impl.cc(882)] handshake failed; returned -1, SSL error code 1, net_error -101
[18272:23120:0925/232454.395:ERROR:ssl_client_socket_impl.cc(882)] handshake failed; returned -1, SSL error code 1, net_error -101
[19736:14236:0925/232507.572:ERROR:cast_crl.cc(443)] CRL - Verification failed.
[19736:14236:0925/232604.680:ERROR:cast_crl.cc(443)] CRL - Verification failed.
[19736:14236:0925/232707.782:ERROR:cast_crl.cc(443)] CRL - Verification failed.
[19736:14236:0925/232807.427:ERROR:cast_crl.cc(443)] CRL - Verification failed.
[19736:14236:0925/232907.066:ERROR:cast_crl.cc(443)] CRL - Verification failed.
[19736:14236:0925/233014.208:ERROR:cast_crl.cc(443)] CRL - Verification failed.
[19736:14236:0925/233112.295:ERROR:cast_crl.cc(443)] CRL - Verification failed.
[19736:14236:0925/233222.380:ERROR:cast_crl.cc(443)] CRL - Verification failed.
[19736:14236:0925/233322.017:ERROR:cast_crl.cc(443)] CRL - Verification failed.
[19736:14236:0925/233432.110:ERROR:cast_crl.cc(443)] CRL - Verification failed.
[19736:14236:0925/233532.234:ERROR:cast_crl.cc(443)] CRL - Verification failed.
[19736:14236:0925/233631.890:ERROR:cast_crl.cc(443)] CRL - Verification failed.
[19736:14236:0925/233731.532:ERROR:cast_crl.cc(443)] CRL - Verification failed.
[19736:14236:0925/233841.613:ERROR:cast_crl.cc(443)] CRL - Verification failed.
[19736:14236:0925/233941.255:ERROR:cast_crl.cc(443)] CRL - Verification failed.
[19736:14236:0925/234051.338:ERROR:cast_crl.cc(443)] CRL - Verification failed.
[19736:14236:0925/234150.980:ERROR:cast_crl.cc(443)] CRL - Verification failed.
[19736:14236:0925/234301.058:ERROR:cast_crl.cc(443)] CRL - Verification failed.
[19736:14236:0925/234400.762:ERROR:cast_crl.cc(443)] CRL - Verification failed.
[19736:14236:0925/234510.845:ERROR:cast_crl.cc(443)] CRL - Verification failed.
[19736:14236:0925/234610.479:ERROR:cast_crl.cc(443)] CRL - Verification failed.
[19736:14236:0925/234720.591:ERROR:cast_crl.cc(443)] CRL - Verification failed.
[19736:14236:0925/234833.494:ERROR:cast_crl.cc(443)] CRL - Verification failed.
[19736:20620:0925/234833.718:WARNING:pref_notifier_impl.cc(41)] Pref observer for media_router.cast_allow_all_ips found at shutdown.
